// Jest Snapshot v1, https://goo.gl/fbAQLP

exports[`Modal matches snapshot 1`] = `
.c2 {
  border: 1px solid #157ae2;
  color: #157ae2;
  background-color: white;
  padding: 10px;
  border-radius: 5px;
  cursor: pointer;
  font-weight: 500;
}

.c2:hover {
  color: white;
  border-color: #054A92;
  background-color: #054A92;
}

.c2:disabled,
.c2[disabled],
.c2:disabled:hover,
.c2[disabled]:hover {
  cursor: unset;
  color: #777;
  border-color: #ddd;
  background-color: #ddd;
}

.c0 {
  position: fixed;
  left: 0;
  right: 0;
  top: 0;
  bottom: 0;
  background-color: rgba(0,0,0,0.2);
  display: -webkit-box;
  display: -webkit-flex;
  display: -ms-flexbox;
  display: flex;
  -webkit-align-items: center;
  -webkit-box-align: center;
  -ms-flex-align: center;
  align-items: center;
  -webkit-box-pack: center;
  -webkit-justify-content: center;
  -ms-flex-pack: center;
  justify-content: center;
}

.c1 {
  width: 500px;
  max-height: 500px;
  overflow-y: auto;
  background-color: white;
  padding: 10px;
  border-radius: 10px;
  position: relative;
}

.c3 {
  position: absolute;
  right: 10px;
  top: 10px;
}

<div
  className="c0"
  data-testid="modal"
>
  <div
    className="c1"
  >
    <button
      className="c2 c3"
      onClick={[Function]}
    >
      X
    </button>
    Content
  </div>
</div>
`;
