// Jest Snapshot v1, https://goo.gl/fbAQLP

exports[`AmountField matches snapshot 1`] = `
.c0 {
  -webkit-flex: 1;
  -ms-flex: 1;
  flex: 1;
  border: none;
  text-align: right;
  font-size: 1.3em;
  padding: 10px;
  border-radius: 5px;
  -moz-appearance: textfield;
}

.c0::-webkit-outer-spin-button,
.c0::-webkit-inner-spin-button {
  -webkit-appearance: none;
  margin: 0;
}

<input
  className="c0"
  data-testid="amount"
  onChange={[Function]}
  placeholder="0"
  step="0.01"
  type="number"
  value=""
/>
`;
