// Jest Snapshot v1, https://goo.gl/fbAQLP

exports[`App matches snapshot 1`] = `
.c0 {
  width: 100%;
  height: 100%;
  display: -webkit-box;
  display: -webkit-flex;
  display: -ms-flexbox;
  display: flex;
  -webkit-box-pack: center;
  -webkit-justify-content: center;
  -ms-flex-pack: center;
  justify-content: center;
  -webkit-align-items: center;
  -webkit-box-align: center;
  -ms-flex-align: center;
  align-items: center;
}

<main
  className="c0"
>
  <div
    className=""
  >
    <h1
      data-testid="header"
    >
      Sell
       
      EUR
    </h1>
    <p
      data-testid="exchangeRate"
    >
      €
      1 = 
      £
      0.85
    </p>
    <div>
      <button
        onClick={[Function]}
      >
        EUR
      </button>
      <p>
        Balance: 
        10
      </p>
      <input
        onChange={[Function]}
        placeholder="0"
        type="number"
        value={0}
      />
    </div>
    <button
      data-testid="directionButton"
      onClick={[Function]}
    >
      ↓
    </button>
    <div>
      <button
        onClick={[Function]}
      >
        GBP
      </button>
      <p>
        Balance: 
        20
      </p>
      <input
        onChange={[Function]}
        placeholder="0"
        type="number"
        value={0}
      />
    </div>
    <button
      data-testid="exchangeButton"
    >
      Sell
       
      EUR
       
      for
       
      GBP
    </button>
  </div>
</main>
`;
